s
c
v
